src/server/routers/dashboard.ts(53,33): error TS2339: Property 'title' does not exist on type '{ title: any; }[]'.
src/server/routers/dashboard.ts(53,69): error TS2339: Property 'title' does not exist on type '{ title: any; }[]'.
src/server/routers/dashboard.ts(61,13): error TS2552: Cannot find name 'processos'. Did you mean 'processes'?
src/shared/ui/AnimatedTransitions.tsx(36,13): error TS2322: Type '{ type: string; ease: string; duration: number; }' is not assignable to type 'Transition<any> | undefined'.
  Type '{ type: string; ease: string; duration: number; }' is not assignable to type 'TransitionWithValueOverrides<any>'.
    Type '{ type: string; ease: string; duration: number; }' is not assignable to type 'ValueAnimationTransition<any>'.
      Types of property 'type' are incompatible.
        Type 'string' is not assignable to type 'AnimationGeneratorType | undefined'.
